BL51 BANKED LINKER/LOCATER V6.22                                                        05/27/2026  15:03:02  PAGE 1


BL51 BANKED LINKER/LOCATER V6.22, INVOKED BY:
E:\KEIL5\C51\BIN\BL51.EXE .\Objects\main.obj, .\Objects\lcd1602.obj TO .\Objects\program PRINT (.\Listings\program.m51)


MEMORY MODEL: SMALL


INPUT MODULES INCLUDED:
  .\Objects\main.obj (MAIN)
  .\Objects\lcd1602.obj (LCD1602)
  E:\KEIL5\C51\LIB\C51S.LIB (?C_STARTUP)
  E:\KEIL5\C51\LIB\C51S.LIB (?C?CLDPTR)
  E:\KEIL5\C51\LIB\C51S.LIB (PRINTF)
  E:\KEIL5\C51\LIB\C51S.LIB (?C_INIT)
  E:\KEIL5\C51\LIB\C51S.LIB (?C?CLDOPTR)
  E:\KEIL5\C51\LIB\C51S.LIB (?C?CSTPTR)
  E:\KEIL5\C51\LIB\C51S.LIB (?C?PLDIIDATA)
  E:\KEIL5\C51\LIB\C51S.LIB (?C?CCASE)
  E:\KEIL5\C51\LIB\C51S.LIB (PUTCHAR)


LINK MAP OF MODULE:  .\Objects\program (MAIN)


            TYPE    BASE      LENGTH    RELOCATION   SEGMENT NAME
            -----------------------------------------------------

            * * * * * * *   D A T A   M E M O R Y   * * * * * * *
            REG     0000H     0008H     ABSOLUTE     "REG BANK 0"
            DATA    0008H     0014H     UNIT         _DATA_GROUP_
                    001CH     0004H                  *** GAP ***
            BIT     0020H.0   0001H.1   UNIT         _BIT_GROUP_
                    0021H.1   0000H.7                *** GAP ***
            DATA    0022H     005AH     UNIT         ?DT?MAIN
            IDATA   007CH     0001H     UNIT         ?STACK

            * * * * * * *   C O D E   M E M O R Y   * * * * * * *
            CODE    0000H     0003H     ABSOLUTE     
            CODE    0003H     0003H     ABSOLUTE     
                    0006H     0005H                  *** GAP ***
            CODE    000BH     0003H     ABSOLUTE     
                    000EH     0005H                  *** GAP ***
            CODE    0013H     0003H     ABSOLUTE     
            CODE    0016H     035CH     UNIT         ?PR?PRINTF?PRINTF
            CODE    0372H     026AH     UNIT         ?PR?MAIN?MAIN
            CODE    05DCH     008EH     UNIT         ?C?LIB_CODE
            CODE    066AH     008CH     UNIT         ?C_C51STARTUP
            CODE    06F6H     0054H     UNIT         ?C_INITSEG
            CODE    074AH     0053H     UNIT         ?CO?MAIN
            CODE    079DH     004FH     UNIT         ?PR?EX0_ISR?MAIN
            CODE    07ECH     004FH     UNIT         ?PR?EX1_ISR?MAIN
            CODE    083BH     0038H     UNIT         ?PR?TIMER0?MAIN
            CODE    0873H     0027H     UNIT         ?PR?PUTCHAR?PUTCHAR
            CODE    089AH     0024H     UNIT         ?PR?LCD_INITIAL?LCD1602
            CODE    08BEH     0020H     UNIT         ?PR?_DELAY_MS?MAIN
            CODE    08DEH     001FH     UNIT         ?PR?_GOTOXY?LCD1602
            CODE    08FDH     0017H     UNIT         ?PR?_PRINT?LCD1602
            CODE    0914H     0016H     UNIT         ?PR?LCD_WRITE?LCD1602
BL51 BANKED LINKER/LOCATER V6.22                                                      05/27/2026  15:03:02  PAGE 2


            CODE    092AH     0010H     UNIT         ?PR?TIMER0INIT?MAIN
            CODE    093AH     000DH     UNIT         ?PR?LCD_WAIT?LCD1602
            CODE    0947H     000AH     UNIT         ?PR?_LCD_SETDISPLAY?LCD1602
            CODE    0951H     000AH     UNIT         ?PR?_LCD_SETINPUT?LCD1602
            CODE    095BH     0009H     UNIT         ?PR?EX_ISRINIT?MAIN



OVERLAY MAP OF MODULE:   .\Objects\program (MAIN)


SEGMENT                                BIT_GROUP          DATA_GROUP 
  +--> CALLED SEGMENT               START    LENGTH     START    LENGTH
-----------------------------------------------------------------------
?PR?EX0_ISR?MAIN                    -----    -----      -----    -----
  +--> ?PR?_DELAY_MS?MAIN

*** NEW ROOT ***************************************************

?PR?EX1_ISR?MAIN                    -----    -----      -----    -----
  +--> ?PR?_DELAY_MS?MAIN

*** NEW ROOT ***************************************************

?C_C51STARTUP                       -----    -----      -----    -----
  +--> ?PR?MAIN?MAIN
  +--> ?C_INITSEG

?PR?MAIN?MAIN                       -----    -----      -----    -----
  +--> ?PR?LCD_INITIAL?LCD1602
  +--> ?PR?EX_ISRINIT?MAIN
  +--> ?PR?TIMER0INIT?MAIN
  +--> ?PR?_DELAY_MS?MAIN
  +--> ?CO?MAIN
  +--> ?PR?PRINTF?PRINTF
  +--> ?PR?_GOTOXY?LCD1602
  +--> ?PR?_PRINT?LCD1602

?PR?LCD_INITIAL?LCD1602             -----    -----      -----    -----
  +--> ?PR?LCD_WRITE?LCD1602
  +--> ?PR?_LCD_SETDISPLAY?LCD1602
  +--> ?PR?_LCD_SETINPUT?LCD1602

?PR?LCD_WRITE?LCD1602               0020H.0  0000H.1    0008H    0001H
  +--> ?PR?LCD_WAIT?LCD1602

?PR?_LCD_SETDISPLAY?LCD1602         -----    -----      -----    -----
  +--> ?PR?LCD_WRITE?LCD1602

?PR?_LCD_SETINPUT?LCD1602           -----    -----      -----    -----
  +--> ?PR?LCD_WRITE?LCD1602

?PR?PRINTF?PRINTF                   0020H.0  0001H.1    0008H    0014H
  +--> ?PR?PUTCHAR?PUTCHAR

?PR?_GOTOXY?LCD1602                 -----    -----      -----    -----
  +--> ?PR?LCD_WRITE?LCD1602
BL51 BANKED LINKER/LOCATER V6.22                                                      05/27/2026  15:03:02  PAGE 3



?PR?_PRINT?LCD1602                  -----    -----      -----    -----
  +--> ?PR?LCD_WRITE?LCD1602



SYMBOL TABLE OF MODULE:  .\Objects\program (MAIN)

  VALUE           TYPE          NAME
  ----------------------------------

  -------         MODULE        MAIN
  C:0000H         SYMBOL        _ICE_DUMMY_
  D:0090H         PUBLIC        P1
  D:00A0H         PUBLIC        P2
  D:00B0H         PUBLIC        P3
  C:095BH         PUBLIC        EX_ISRInit
  B:00A8H.7       PUBLIC        EA
  D:00A8H         PUBLIC        IE
  D:0024H         PUBLIC        JL
  D:0060H         PUBLIC        SD
  B:00A0H.7       PUBLIC        LEDB
  D:00B8H         PUBLIC        IP
  B:00B0H.7       PUBLIC        CX
  C:079DH         PUBLIC        EX0_ISR
  B:00B0H.3       PUBLIC        YD
  C:07ECH         PUBLIC        EX1_ISR
  B:00B0H.2       PUBLIC        ZD
  C:0372H         PUBLIC        main
  B:00A0H.6       PUBLIC        LEDR
  D:0062H         PUBLIC        time
  C:083BH         PUBLIC        Timer0
  D:0098H         PUBLIC        SCON
  D:0089H         PUBLIC        TMOD
  D:0088H         PUBLIC        TCON
  D:0064H         PUBLIC        D
  B:00A8H.1       PUBLIC        ET0
  C:092AH         PUBLIC        Timer0Init
  D:008CH         PUBLIC        TH0
  B:00A8H.0       PUBLIC        EX0
  B:0088H.0       PUBLIC        IT0
  B:00A8H.2       PUBLIC        EX1
  B:0088H.2       PUBLIC        IT1
  D:008AH         PUBLIC        TL0
  C:08BEH         PUBLIC        _delay_ms
  B:0088H.4       PUBLIC        TR0
  D:00C8H         PUBLIC        T2CON
  D:0066H         PUBLIC        k
  D:0068H         PUBLIC        gradY
  D:006AH         PUBLIC        gradZ
  D:006CH         PUBLIC        String
  D:00D0H         PUBLIC        PSW
  -------         PROC          _DELAY_MS
  D:0006H         SYMBOL        q
  -------         DO            
  D:0004H         SYMBOL        i
  D:0002H         SYMBOL        j
BL51 BANKED LINKER/LOCATER V6.22                                                      05/27/2026  15:03:02  PAGE 4


  -------         ENDDO         
  C:08BEH         LINE#         17
  C:08BEH         LINE#         18
  C:08BEH         LINE#         20
  C:08C8H         LINE#         21
  C:08DDH         LINE#         22
  -------         ENDPROC       _DELAY_MS
  -------         PROC          TIMER0INIT
  C:092AH         LINE#         24
  C:092AH         LINE#         25
  C:092AH         LINE#         26
  C:092DH         LINE#         27
  C:0930H         LINE#         28
  C:0933H         LINE#         29
  C:0935H         LINE#         30
  C:0937H         LINE#         31
  C:0939H         LINE#         32
  -------         ENDPROC       TIMER0INIT
  -------         PROC          TIMER0
  -------         DO            
  D:0022H         SYMBOL        i
  -------         ENDDO         
  C:083BH         LINE#         34
  C:083FH         LINE#         37
  C:0842H         LINE#         38
  C:0845H         LINE#         39
  C:084DH         LINE#         40
  C:0855H         LINE#         41
  C:0855H         LINE#         42
  C:085BH         LINE#         43
  C:0866H         LINE#         44
  C:086EH         LINE#         45
  C:086EH         LINE#         46
  -------         ENDPROC       TIMER0
  -------         PROC          EX_ISRINIT
  C:095BH         LINE#         47
  C:095BH         LINE#         48
  C:095BH         LINE#         49
  C:095DH         LINE#         50
  C:095FH         LINE#         51
  C:0961H         LINE#         52
  C:0963H         LINE#         53
  -------         ENDPROC       EX_ISRINIT
  -------         PROC          EX0_ISR
  C:079DH         LINE#         54
  C:07B2H         LINE#         56
  C:07B9H         LINE#         57
  C:07BCH         LINE#         58
  C:07BCH         LINE#         59
  C:07D9H         LINE#         60
  C:07D9H         LINE#         61
  -------         ENDPROC       EX0_ISR
  -------         PROC          EX1_ISR
  C:07ECH         LINE#         63
  C:0801H         LINE#         65
  C:0808H         LINE#         66
  C:080BH         LINE#         67
BL51 BANKED LINKER/LOCATER V6.22                                                      05/27/2026  15:03:02  PAGE 5


  C:080BH         LINE#         68
  C:0828H         LINE#         69
  C:0828H         LINE#         70
  -------         ENDPROC       EX1_ISR
  -------         PROC          MAIN
  C:0372H         LINE#         72
  C:0372H         LINE#         73
  C:0372H         LINE#         74
  C:0375H         LINE#         75
  C:0378H         LINE#         76
  C:037BH         LINE#         77
  C:037BH         LINE#         78
  C:037BH         LINE#         79
  C:0381H         LINE#         80
  C:0381H         LINE#         81
  C:0388H         LINE#         82
  C:038EH         LINE#         83
  C:038EH         LINE#         84
  C:0394H         LINE#         85
  C:0394H         LINE#         86
  C:03D5H         LINE#         87
  C:040EH         LINE#         88
  C:040EH         LINE#         89
  C:040EH         LINE#         90
  C:0411H         LINE#         91
  C:0411H         LINE#         93
  C:0451H         LINE#         94
  C:0451H         LINE#         95
  C:0456H         LINE#         96
  C:0458H         LINE#         97
  C:04A2H         LINE#         98
  C:04A2H         LINE#         99
  C:04AAH         LINE#         100
  C:04AAH         LINE#         101
  C:04C0H         LINE#         102
  C:04C0H         LINE#         103
  C:04CBH         LINE#         104
  C:04CBH         LINE#         105
  C:04DDH         LINE#         106
  C:04E4H         LINE#         107
  C:04EDH         LINE#         108
  C:04EDH         LINE#         109
  C:04EDH         LINE#         110
  C:04F8H         LINE#         111
  C:04F8H         LINE#         112
  C:0510H         LINE#         113
  C:0516H         LINE#         114
  C:051FH         LINE#         115
  C:0522H         LINE#         117
  C:0522H         LINE#         118
  C:052DH         LINE#         119
  C:052DH         LINE#         120
  C:053FH         LINE#         121
  C:0545H         LINE#         122
  C:054EH         LINE#         123
  C:0552H         LINE#         124
  C:0554H         LINE#         125
BL51 BANKED LINKER/LOCATER V6.22                                                      05/27/2026  15:03:02  PAGE 6


  C:055FH         LINE#         126
  C:055FH         LINE#         127
  C:0571H         LINE#         128
  C:0577H         LINE#         129
  C:0580H         LINE#         130
  C:0584H         LINE#         131
  C:0586H         LINE#         133
  C:0586H         LINE#         134
  C:0598H         LINE#         135
  C:059EH         LINE#         136
  C:05A7H         LINE#         137
  C:05ABH         LINE#         138
  C:05ABH         LINE#         139
  C:05ABH         LINE#         140
  C:05C9H         LINE#         141
  C:05D0H         LINE#         142
  C:05D9H         LINE#         143
  -------         ENDPROC       MAIN
  -------         ENDMOD        MAIN

  -------         MODULE        LCD1602
  C:0000H         SYMBOL        _ICE_DUMMY_
  D:0090H         PUBLIC        P1
  D:00A0H         PUBLIC        P2
  C:089AH         PUBLIC        LCD_Initial
  D:00B0H         PUBLIC        P3
  D:00A8H         PUBLIC        IE
  C:08FDH         PUBLIC        _Print
  D:00B8H         PUBLIC        IP
  D:0080H         PUBLIC        DBPort
  D:0098H         PUBLIC        SCON
  D:0088H         PUBLIC        TCON
  C:0947H         PUBLIC        _LCD_SetDisplay
  C:0914H         PUBLIC        LCD_Write
  B:00A0H.2       PUBLIC        LcdEn
  C:093AH         PUBLIC        LCD_Wait
  C:08DEH         PUBLIC        _GotoXY
  B:00A0H.0       PUBLIC        LcdRs
  B:00A0H.1       PUBLIC        LcdRw
  D:00C8H         PUBLIC        T2CON
  C:0951H         PUBLIC        _LCD_SetInput
  D:00D0H         PUBLIC        PSW
  -------         PROC          LCD_WAIT
  C:093AH         LINE#         4
  C:093AH         LINE#         5
  C:093AH         LINE#         6
  C:093CH         LINE#         7
  C:093FH         LINE#         8
  C:0942H         LINE#         12
  C:0944H         LINE#         13
  C:0946H         LINE#         14
  -------         ENDPROC       LCD_WAIT
  -------         PROC          LCD_WRITE
  B:0020H.0       SYMBOL        style
  D:0008H         SYMBOL        input
  C:0914H         LINE#         18
  C:0914H         LINE#         19
BL51 BANKED LINKER/LOCATER V6.22                                                      05/27/2026  15:03:02  PAGE 7


  C:0914H         LINE#         20
  C:0916H         LINE#         21
  C:091AH         LINE#         22
  C:091DH         LINE#         23
  C:0921H         LINE#         24
  C:0924H         LINE#         25
  C:0927H         LINE#         26
  -------         ENDPROC       LCD_WRITE
  -------         PROC          _LCD_SETDISPLAY
  D:0007H         SYMBOL        DisplayMode
  C:0947H         LINE#         39
  C:0947H         LINE#         40
  C:0947H         LINE#         41
  -------         ENDPROC       _LCD_SETDISPLAY
  -------         PROC          _LCD_SETINPUT
  D:0007H         SYMBOL        InputMode
  C:0951H         LINE#         51
  C:0951H         LINE#         52
  C:0951H         LINE#         53
  -------         ENDPROC       _LCD_SETINPUT
  -------         PROC          LCD_INITIAL
  C:089AH         LINE#         59
  C:089AH         LINE#         60
  C:089AH         LINE#         61
  C:089CH         LINE#         62
  C:08A4H         LINE#         63
  C:08ACH         LINE#         64
  C:08B1H         LINE#         65
  C:08B9H         LINE#         66
  -------         ENDPROC       LCD_INITIAL
  -------         PROC          _GOTOXY
  D:0006H         SYMBOL        x
  D:0005H         SYMBOL        y
  C:08DEH         LINE#         70
  C:08E0H         LINE#         71
  C:08E0H         LINE#         72
  C:08E3H         LINE#         73
  C:08EDH         LINE#         74
  C:08F0H         LINE#         75
  C:08FCH         LINE#         76
  -------         ENDPROC       _GOTOXY
  -------         PROC          _PRINT
  D:0001H         SYMBOL        str
  C:08FDH         LINE#         78
  C:08FDH         LINE#         79
  C:08FDH         LINE#         80
  C:0903H         LINE#         81
  C:0903H         LINE#         82
  C:090AH         LINE#         83
  C:0911H         LINE#         84
  C:0913H         LINE#         85
  -------         ENDPROC       _PRINT
  -------         ENDMOD        LCD1602

  -------         MODULE        ?C?CLDPTR
  C:05DCH         PUBLIC        ?C?CLDPTR
  -------         ENDMOD        ?C?CLDPTR
BL51 BANKED LINKER/LOCATER V6.22                                                      05/27/2026  15:03:02  PAGE 8



  -------         MODULE        PRINTF
  D:0008H         PUBLIC        ?_PRINTF517?BYTE
  D:0008H         PUBLIC        ?_PRINTF?BYTE
  D:0008H         PUBLIC        ?_SPRINTF517?BYTE
  D:0008H         PUBLIC        ?_SPRINTF?BYTE
  C:0078H         PUBLIC        _PRINTF
  C:0078H         PUBLIC        _PRINTF517
  C:0072H         PUBLIC        _SPRINTF
  C:0072H         PUBLIC        _SPRINTF517
  -------         ENDMOD        PRINTF

  -------         MODULE        ?C?CLDOPTR
  C:05F5H         PUBLIC        ?C?CLDOPTR
  -------         ENDMOD        ?C?CLDOPTR

  -------         MODULE        ?C?CSTPTR
  C:0622H         PUBLIC        ?C?CSTPTR
  -------         ENDMOD        ?C?CSTPTR

  -------         MODULE        ?C?PLDIIDATA
  C:0634H         PUBLIC        ?C?PLDIIDATA
  -------         ENDMOD        ?C?PLDIIDATA

  -------         MODULE        ?C?CCASE
  C:0644H         PUBLIC        ?C?CCASE
  -------         ENDMOD        ?C?CCASE

  -------         MODULE        PUTCHAR
  C:0873H         PUBLIC        _PUTCHAR
  -------         ENDMOD        PUTCHAR

Program Size: data=120.1 xdata=0 code=2394
LINK/LOCATE RUN COMPLETE.  0 WARNING(S),  0 ERROR(S)
