BL51 BANKED LINKER/LOCATER V6.22                                                        07/03/2022  11:41:47  PAGE 1


BL51 BANKED LINKER/LOCATER V6.22, INVOKED BY:
D:\KEIL\C51\BIN\BL51.EXE .\Objects\main.obj, .\Objects\delay.obj, .\Objects\timer0.obj, .\Objects\lcd1602.obj, .\Objects
>> \ds18.obj TO .\Objects\1 PRINT (.\Listings\1.m51) RAMSIZE (256)


MEMORY MODEL: SMALL


INPUT MODULES INCLUDED:
  .\Objects\main.obj (MAIN)
  .\Objects\delay.obj (DELAY)
  .\Objects\timer0.obj (TIMER0)
  .\Objects\lcd1602.obj (LCD1602)
  .\Objects\ds18.obj (DS18)
  D:\KEIL\C51\LIB\C51S.LIB (?C_STARTUP)
  D:\KEIL\C51\LIB\C51S.LIB (?C?CLDPTR)
  D:\KEIL\C51\LIB\C51S.LIB (?C?CSTPTR)
  D:\KEIL\C51\LIB\C51S.LIB (?C?IMUL)
  D:\KEIL\C51\LIB\C51S.LIB (?C?SIDIV)
  D:\KEIL\C51\LIB\C51S.LIB (?C?SLDIV)
  D:\KEIL\C51\LIB\C51S.LIB (?C?SLCMP)
  D:\KEIL\C51\LIB\C51S.LIB (?C?ULCMP)
  D:\KEIL\C51\LIB\C51S.LIB (?C_INIT)
  D:\KEIL\C51\LIB\C51S.LIB (?C?UIDIV)
  D:\KEIL\C51\LIB\C51S.LIB (?C?ULDIV)


LINK MAP OF MODULE:  .\Objects\1 (MAIN)


            TYPE    BASE      LENGTH    RELOCATION   SEGMENT NAME
            -----------------------------------------------------

            * * * * * * *   D A T A   M E M O R Y   * * * * * * *
            REG     0000H     0008H     ABSOLUTE     "REG BANK 0"
                    0008H     0018H                  *** GAP ***
            BIT     0020H.0   0000H.1   UNIT         ?BI?MAIN
                    0020H.1   0000H.7                *** GAP ***
            DATA    0021H     0032H     UNIT         ?DT?MAIN
            DATA    0053H     001AH     UNIT         _DATA_GROUP_
            IDATA   006DH     0001H     UNIT         ?STACK

            * * * * * * *   C O D E   M E M O R Y   * * * * * * *
            CODE    0000H     0003H     ABSOLUTE     
                    0003H     0008H                  *** GAP ***
            CODE    000BH     0003H     ABSOLUTE     
            CODE    000EH     02D2H     UNIT         ?PR?MAIN?MAIN
            CODE    02E0H     01BDH     UNIT         ?C?LIB_CODE
            CODE    049DH     0103H     UNIT         ?PR?_INTERGERTOTIME?MAIN
            CODE    05A0H     00FDH     UNIT         ?PR?_MSECONDTOTIME?MAIN
            CODE    069DH     00F2H     UNIT         ?PR?TIMER0_INTERRUPT?MAIN
            CODE    078FH     008CH     UNIT         ?C_C51STARTUP
            CODE    081BH     0089H     UNIT         ?PR?CHANGE_MENU?MAIN
            CODE    08A4H     007DH     UNIT         ?PR?MAIN_MENU?MAIN
            CODE    0921H     006AH     UNIT         ?PR?READTEMPERATURE?MAIN
            CODE    098BH     0064H     UNIT         ?PR?SECOND_MENU?MAIN
            CODE    09EFH     005BH     UNIT         ?PR?_TRAN?MAIN
            CODE    0A4AH     0053H     UNIT         ?PR?LCD_CGRAM?LCD1602
BL51 BANKED LINKER/LOCATER V6.22                                                      07/03/2022  11:41:47  PAGE 2


            CODE    0A9DH     0052H     UNIT         ?CO?LCD1602
            CODE    0AEFH     0047H     UNIT         ?PR?LCD_START?LCD1602
            CODE    0B36H     0044H     UNIT         ?C?LDIV
            CODE    0B7AH     0038H     UNIT         ?C_INITSEG
            CODE    0BB2H     0031H     UNIT         ?PR?JUDGE_KEY?MAIN
            CODE    0BE3H     002FH     UNIT         ?PR?INIT_DS18B20?DS18
            CODE    0C12H     002BH     UNIT         ?PR?READONECHAR?DS18
            CODE    0C3DH     0028H     UNIT         ?PR?_WRITEONECHAR?DS18
            CODE    0C65H     0024H     UNIT         ?PR?_LCD_SHOW_STRING?LCD1602
            CODE    0C89H     0023H     UNIT         ?CO?MAIN
            CODE    0CACH     001CH     UNIT         ?PR?_LCD_SHOW_CHAR?LCD1602
            CODE    0CC8H     001BH     UNIT         ?PR?SCAN_KEY?MAIN
            CODE    0CE3H     001BH     UNIT         ?PR?READBUSY?LCD1602
            CODE    0CFEH     0017H     UNIT         ?PR?_DELAYX10MS?DELAY
            CODE    0D15H     0017H     UNIT         ?PR?TIMER0_INIT?TIMER0
            CODE    0D2CH     0016H     UNIT         ?PR?_DELAY?DELAY
            CODE    0D42H     0014H     UNIT         ?PR?LCDINIT?LCD1602
            CODE    0D56H     0010H     UNIT         ?PR?_WRITECMD?LCD1602
            CODE    0D66H     0010H     UNIT         ?PR?_WRITEDATA?LCD1602
            CODE    0D76H     000DH     UNIT         ?PR?DELAY10MS?DELAY
            CODE    0D83H     000BH     UNIT         ?PR?_DELAY_18B20?DELAY



OVERLAY MAP OF MODULE:   .\Objects\1 (MAIN)


SEGMENT                                DATA_GROUP 
  +--> CALLED SEGMENT                START    LENGTH
----------------------------------------------------
?PR?TIMER0_INTERRUPT?MAIN            -----    -----
  +--> ?PR?SCAN_KEY?MAIN
  +--> ?PR?JUDGE_KEY?MAIN
  +--> ?PR?READTEMPERATURE?MAIN

?PR?READTEMPERATURE?MAIN             0053H    0003H
  +--> ?PR?INIT_DS18B20?DS18
  +--> ?PR?_WRITEONECHAR?DS18
  +--> ?PR?_DELAY_18B20?DELAY
  +--> ?PR?READONECHAR?DS18

?PR?INIT_DS18B20?DS18                0056H    0001H
  +--> ?PR?_DELAY_18B20?DELAY

?PR?_WRITEONECHAR?DS18               0056H    0002H
  +--> ?PR?_DELAY_18B20?DELAY

?PR?READONECHAR?DS18                 0056H    0002H
  +--> ?PR?_DELAY_18B20?DELAY

*** NEW ROOT ***************************************************

?C_C51STARTUP                        -----    -----
  +--> ?PR?MAIN?MAIN
  +--> ?C_INITSEG

?PR?MAIN?MAIN                        -----    -----
BL51 BANKED LINKER/LOCATER V6.22                                                      07/03/2022  11:41:47  PAGE 3


  +--> ?PR?_DELAYX10MS?DELAY
  +--> ?PR?LCDINIT?LCD1602
  +--> ?PR?LCD_CGRAM?LCD1602
  +--> ?PR?LCD_START?LCD1602
  +--> ?PR?TIMER0_INIT?TIMER0
  +--> ?PR?_WRITECMD?LCD1602
  +--> ?PR?_INTERGERTOTIME?MAIN
  +--> ?PR?MAIN_MENU?MAIN
  +--> ?PR?_MSECONDTOTIME?MAIN
  +--> ?PR?SECOND_MENU?MAIN
  +--> ?PR?CHANGE_MENU?MAIN
  +--> ?PR?_DELAY?DELAY
  +--> ?PR?_LCD_SHOW_CHAR?LCD1602

?PR?_DELAYX10MS?DELAY                -----    -----
  +--> ?PR?DELAY10MS?DELAY

?PR?LCDINIT?LCD1602                  -----    -----
  +--> ?PR?_WRITECMD?LCD1602

?PR?_WRITECMD?LCD1602                -----    -----
  +--> ?PR?READBUSY?LCD1602

?PR?LCD_CGRAM?LCD1602                0058H    0004H
  +--> ?PR?_WRITECMD?LCD1602
  +--> ?CO?LCD1602
  +--> ?PR?_WRITEDATA?LCD1602

?PR?_WRITEDATA?LCD1602               -----    -----
  +--> ?PR?READBUSY?LCD1602

?PR?LCD_START?LCD1602                -----    -----
  +--> ?PR?_LCD_SHOW_CHAR?LCD1602
  +--> ?CO?LCD1602
  +--> ?PR?_LCD_SHOW_STRING?LCD1602
  +--> ?PR?_DELAYX10MS?DELAY
  +--> ?PR?_WRITECMD?LCD1602

?PR?_LCD_SHOW_CHAR?LCD1602           -----    -----
  +--> ?PR?_WRITECMD?LCD1602
  +--> ?PR?_WRITEDATA?LCD1602

?PR?_LCD_SHOW_STRING?LCD1602         -----    -----
  +--> ?PR?_WRITECMD?LCD1602
  +--> ?PR?_WRITEDATA?LCD1602

?PR?_INTERGERTOTIME?MAIN             0058H    0015H

?PR?MAIN_MENU?MAIN                   -----    -----
  +--> ?CO?MAIN
  +--> ?PR?_LCD_SHOW_STRING?LCD1602
  +--> ?PR?_LCD_SHOW_CHAR?LCD1602
  +--> ?PR?_TRAN?MAIN

?PR?_TRAN?MAIN                       0058H    0001H

?PR?_MSECONDTOTIME?MAIN              0058H    0014H
BL51 BANKED LINKER/LOCATER V6.22                                                      07/03/2022  11:41:47  PAGE 4



?PR?SECOND_MENU?MAIN                 -----    -----
  +--> ?CO?MAIN
  +--> ?PR?_LCD_SHOW_STRING?LCD1602
  +--> ?PR?_LCD_SHOW_CHAR?LCD1602

?PR?CHANGE_MENU?MAIN                 -----    -----
  +--> ?CO?MAIN
  +--> ?PR?_LCD_SHOW_STRING?LCD1602
  +--> ?PR?_LCD_SHOW_CHAR?LCD1602



SYMBOL TABLE OF MODULE:  .\Objects\1 (MAIN)

  VALUE           TYPE          NAME
  ----------------------------------

  -------         MODULE        MAIN
  C:0000H         SYMBOL        _ICE_DUMMY_
  D:0021H         PUBLIC        second_value
  D:0090H         PUBLIC        P1
  D:00A0H         PUBLIC        P2
  D:00B0H         PUBLIC        P3
  C:069DH         PUBLIC        Timer0_interrupt
  D:0025H         PUBLIC        h_m_s
  D:00A8H         PUBLIC        IE
  D:0026H         PUBLIC        T0Count
  D:0027H         PUBLIC        T1Count
  C:0CC8H         PUBLIC        Scan_Key
  D:0029H         PUBLIC        T2Count
  C:0921H         PUBLIC        ReadTemperature
  C:09EFH         PUBLIC        _Tran
  D:002BH         PUBLIC        KeyNumber
  D:00B8H         PUBLIC        IP
  C:04A3H         PUBLIC        _IntergerToTime
  C:08A4H         PUBLIC        Main_menu
  C:05A0H         PUBLIC        _MsecondToTime
  C:000EH         PUBLIC        main
  D:002CH         PUBLIC        S_Flag
  D:002DH         PUBLIC        time_value
  D:0098H         PUBLIC        SCON
  D:0088H         PUBLIC        TCON
  D:0031H         PUBLIC        temp
  D:0035H         PUBLIC        LastKey
  D:0036H         PUBLIC        DS_int
  D:008CH         PUBLIC        TH0
  B:0020H.0       PUBLIC        fg
  D:008AH         PUBLIC        TL0
  D:0038H         PUBLIC        Dsdata
  D:003FH         PUBLIC        str
  D:004BH         PUBLIC        SCount
  D:004CH         PUBLIC        NowKey
  D:004DH         PUBLIC        MenuChange
  C:081BH         PUBLIC        Change_menu
  B:00A0H.1       PUBLIC        LED_2
  D:00C8H         PUBLIC        T2CON
BL51 BANKED LINKER/LOCATER V6.22                                                      07/03/2022  11:41:47  PAGE 5


  C:098BH         PUBLIC        Second_menu
  B:00B0H.1       PUBLIC        KEY_1
  D:00D0H         PUBLIC        PSW
  D:004EH         PUBLIC        MenuSelect
  B:00B0H.0       PUBLIC        KEY_2
  D:004FH         PUBLIC        time_change_value
  C:0BB2H         PUBLIC        Judge_Key
  B:00B0H.2       PUBLIC        KEY_3
  B:00B0H.3       PUBLIC        KEY_4
  -------         PROC          READTEMPERATURE
  -------         DO            
  D:0053H         SYMBOL        a
  D:0007H         SYMBOL        b
  D:0054H         SYMBOL        t
  -------         ENDDO         
  C:0921H         LINE#         37
  C:0921H         LINE#         38
  C:0921H         LINE#         39
  C:0924H         LINE#         40
  C:0925H         LINE#         41
  C:0929H         LINE#         43
  C:092CH         LINE#         44
  C:0931H         LINE#         45
  C:0936H         LINE#         46
  C:093DH         LINE#         47
  C:0940H         LINE#         48
  C:0945H         LINE#         49
  C:094AH         LINE#         50
  C:094FH         LINE#         51
  C:0952H         LINE#         52
  C:0959H         LINE#         53
  C:0959H         LINE#         54
  C:095CH         LINE#         55
  C:0962H         LINE#         56
  C:0965H         LINE#         57
  C:0967H         LINE#         58
  C:0969H         LINE#         59
  C:0969H         LINE#         60
  C:096BH         LINE#         61
  C:096BH         LINE#         62
  C:0989H         LINE#         63
  C:098AH         LINE#         64
  -------         ENDPROC       READTEMPERATURE
  -------         PROC          _TRAN
  D:0002H         SYMBOL        temp
  -------         DO            
  D:0058H         SYMBOL        k
  -------         ENDDO         
  C:09EFH         LINE#         67
  C:09F3H         LINE#         68
  C:09F3H         LINE#         69
  C:09F6H         LINE#         70
  C:0A05H         LINE#         71
  C:0A08H         LINE#         72
  C:0A0BH         LINE#         73
  C:0A0DH         LINE#         74
  C:0A0DH         LINE#         75
BL51 BANKED LINKER/LOCATER V6.22                                                      07/03/2022  11:41:47  PAGE 6


  C:0A10H         LINE#         76
  C:0A10H         LINE#         78
  C:0A10H         LINE#         79
  C:0A29H         LINE#         80
  C:0A2BH         LINE#         81
  C:0A3EH         LINE#         82
  C:0A47H         LINE#         83
  C:0A49H         LINE#         84
  -------         ENDPROC       _TRAN
  -------         PROC          SCAN_KEY
  -------         DO            
  D:0007H         SYMBOL        KEY_Temp
  -------         ENDDO         
  C:0CC8H         LINE#         87
  C:0CC8H         LINE#         88
  C:0CC8H         LINE#         89
  C:0CCAH         LINE#         90
  C:0CCEH         LINE#         91
  C:0CD3H         LINE#         92
  C:0CD8H         LINE#         93
  C:0CDDH         LINE#         94
  C:0CE0H         LINE#         95
  C:0CE2H         LINE#         96
  -------         ENDPROC       SCAN_KEY
  -------         PROC          JUDGE_KEY
  C:0BB2H         LINE#         99
  C:0BB2H         LINE#         100
  C:0BB6H         LINE#         101
  C:0BBEH         LINE#         102
  C:0BC7H         LINE#         104
  C:0BD2H         LINE#         105
  C:0BD8H         LINE#         106
  C:0BDAH         LINE#         107
  C:0BDDH         LINE#         108
  C:0BDDH         LINE#         109
  C:0BE2H         LINE#         110
  C:0BE2H         LINE#         111
  -------         ENDPROC       JUDGE_KEY
  -------         PROC          L?0109
  -------         ENDPROC       L?0109
  -------         PROC          _INTERGERTOTIME
  D:0058H         SYMBOL        dat
  D:005CH         SYMBOL        str
  -------         DO            
  D:005FH         SYMBOL        i
  D:0060H         SYMBOL        h
  D:0061H         SYMBOL        m
  D:0007H         SYMBOL        s
  D:0062H         SYMBOL        buff
  -------         ENDDO         
  C:04A3H         LINE#         114
  C:04B1H         LINE#         116
  C:04B4H         LINE#         117
  C:04B6H         LINE#         118
  C:04B8H         LINE#         119
  C:04B8H         LINE#         121
  C:04C5H         LINE#         122
BL51 BANKED LINKER/LOCATER V6.22                                                      07/03/2022  11:41:47  PAGE 7


  C:04EAH         LINE#         123
  C:04FDH         LINE#         125
  C:050EH         LINE#         126
  C:0510H         LINE#         127
  C:051FH         LINE#         128
  C:0521H         LINE#         130
  C:0533H         LINE#         131
  C:0535H         LINE#         132
  C:0545H         LINE#         133
  C:0547H         LINE#         135
  C:0559H         LINE#         136
  C:055BH         LINE#         137
  C:056BH         LINE#         138
  C:056DH         LINE#         140
  C:0577H         LINE#         141
  C:0586H         LINE#         142
  C:0591H         LINE#         143
  C:0593H         LINE#         144
  C:059DH         LINE#         146
  C:059FH         LINE#         147
  -------         ENDPROC       _INTERGERTOTIME
  -------         PROC          _MSECONDTOTIME
  D:0058H         SYMBOL        dat
  D:005CH         SYMBOL        str
  -------         DO            
  D:005FH         SYMBOL        i
  D:0060H         SYMBOL        h
  D:0007H         SYMBOL        m
  D:0006H         SYMBOL        s
  D:0061H         SYMBOL        buff
  -------         ENDDO         
  C:05A0H         LINE#         150
  C:05AEH         LINE#         152
  C:05B1H         LINE#         153
  C:05B3H         LINE#         154
  C:05B3H         LINE#         155
  C:05B3H         LINE#         157
  C:05C2H         LINE#         158
  C:05E7H         LINE#         159
  C:05FDH         LINE#         161
  C:060DH         LINE#         162
  C:060FH         LINE#         163
  C:061EH         LINE#         164
  C:0620H         LINE#         166
  C:0631H         LINE#         167
  C:0633H         LINE#         168
  C:0642H         LINE#         169
  C:0644H         LINE#         171
  C:0656H         LINE#         172
  C:0658H         LINE#         173
  C:0668H         LINE#         174
  C:066AH         LINE#         176
  C:0674H         LINE#         177
  C:0683H         LINE#         178
  C:068EH         LINE#         179
  C:0690H         LINE#         180
  C:069AH         LINE#         182
BL51 BANKED LINKER/LOCATER V6.22                                                      07/03/2022  11:41:47  PAGE 8


  C:069CH         LINE#         183
  -------         ENDPROC       _MSECONDTOTIME
  -------         PROC          MAIN_MENU
  C:08A4H         LINE#         186
  C:08A4H         LINE#         187
  C:08B0H         LINE#         188
  C:08BAH         LINE#         189
  C:08C4H         LINE#         190
  C:08CEH         LINE#         191
  C:08D8H         LINE#         192
  C:08E2H         LINE#         193
  C:08ECH         LINE#         194
  C:08F6H         LINE#         195
  C:0900H         LINE#         196
  C:090DH         LINE#         197
  C:0914H         LINE#         198
  -------         ENDPROC       MAIN_MENU
  -------         PROC          SECOND_MENU
  C:098BH         LINE#         203
  C:098BH         LINE#         204
  C:0997H         LINE#         205
  C:09A2H         LINE#         206
  C:09ADH         LINE#         207
  C:09B8H         LINE#         208
  C:09C3H         LINE#         209
  C:09CEH         LINE#         210
  C:09D9H         LINE#         211
  C:09E4H         LINE#         212
  -------         ENDPROC       SECOND_MENU
  -------         PROC          CHANGE_MENU
  C:081BH         LINE#         216
  C:081BH         LINE#         217
  C:0827H         LINE#         218
  C:082BH         LINE#         219
  C:082FH         LINE#         220
  C:0836H         LINE#         221
  C:083BH         LINE#         222
  C:0842H         LINE#         223
  C:084CH         LINE#         224
  C:084CH         LINE#         225
  C:0857H         LINE#         226
  C:0862H         LINE#         227
  C:086DH         LINE#         228
  C:0878H         LINE#         229
  C:0883H         LINE#         230
  C:088EH         LINE#         231
  C:0899H         LINE#         232
  -------         ENDPROC       CHANGE_MENU
  -------         PROC          MAIN
  C:000EH         LINE#         236
  C:000EH         LINE#         237
  C:0013H         LINE#         238
  C:0016H         LINE#         239
  C:0019H         LINE#         240
  C:001CH         LINE#         241
  C:001FH         LINE#         243
  C:001FH         LINE#         244
BL51 BANKED LINKER/LOCATER V6.22                                                      07/03/2022  11:41:47  PAGE 9


  C:0026H         LINE#         245
  C:002DH         LINE#         246
  C:0032H         LINE#         247
  C:0037H         LINE#         248
  C:003AH         LINE#         249
  C:003CH         LINE#         250
  C:003FH         LINE#         251
  C:003FH         LINE#         252
  C:003FH         LINE#         253
  C:0048H         LINE#         254
  C:0057H         LINE#         255
  C:0057H         LINE#         257
  C:006DH         LINE#         258
  C:0085H         LINE#         259
  C:0085H         LINE#         260
  C:0087H         LINE#         261
  C:0087H         LINE#         263
  C:009CH         LINE#         264
  C:00B4H         LINE#         265
  C:00B4H         LINE#         266
  C:00B6H         LINE#         267
  C:00B6H         LINE#         269
  C:00CBH         LINE#         270
  C:00E3H         LINE#         271
  C:00EFH         LINE#         272
  C:00F2H         LINE#         273
  C:00F2H         LINE#         274
  C:00F2H         LINE#         275
  C:00FBH         LINE#         276
  C:0104H         LINE#         277
  C:0113H         LINE#         278
  C:0113H         LINE#         280
  C:012BH         LINE#         281
  C:0138H         LINE#         282
  C:0138H         LINE#         283
  C:013AH         LINE#         284
  C:013AH         LINE#         286
  C:0152H         LINE#         287
  C:015FH         LINE#         288
  C:015FH         LINE#         289
  C:0161H         LINE#         290
  C:0161H         LINE#         292
  C:0179H         LINE#         293
  C:0186H         LINE#         294
  C:018EH         LINE#         295
  C:0191H         LINE#         296
  C:0191H         LINE#         297
  C:0191H         LINE#         298
  C:0191H         LINE#         299
  C:0197H         LINE#         300
  C:019EH         LINE#         301
  C:01A0H         LINE#         302
  C:01A3H         LINE#         303
  C:01A9H         LINE#         304
  C:01A9H         LINE#         305
  C:01A9H         LINE#         306
  C:01B1H         LINE#         307
BL51 BANKED LINKER/LOCATER V6.22                                                      07/03/2022  11:41:47  PAGE 10


  C:01B3H         LINE#         308
  C:01BAH         LINE#         309
  C:01BDH         LINE#         310
  C:01BDH         LINE#         311
  C:01BDH         LINE#         312
  C:01C4H         LINE#         313
  C:01CAH         LINE#         315
  C:01D2H         LINE#         316
  C:01D2H         LINE#         318
  C:01D9H         LINE#         319
  C:01DFH         LINE#         321
  C:01EBH         LINE#         323
  C:01EDH         LINE#         325
  C:01EDH         LINE#         326
  C:01F4H         LINE#         327
  C:01FAH         LINE#         328
  C:01FDH         LINE#         330
  C:0206H         LINE#         331
  C:0209H         LINE#         332
  C:020BH         LINE#         333
  C:020EH         LINE#         334
  C:0211H         LINE#         335
  C:0211H         LINE#         336
  C:0211H         LINE#         339
  C:0214H         LINE#         340
  C:0214H         LINE#         342
  C:0219H         LINE#         343
  C:021EH         LINE#         344
  C:0221H         LINE#         345
  C:0221H         LINE#         347
  C:0230H         LINE#         348
  C:0241H         LINE#         349
  C:0258H         LINE#         350
  C:0266H         LINE#         351
  C:026AH         LINE#         352
  C:0271H         LINE#         353
  C:027CH         LINE#         354
  C:0282H         LINE#         355
  C:0282H         LINE#         356
  C:0289H         LINE#         357
  C:0290H         LINE#         358
  C:029BH         LINE#         359
  C:02A6H         LINE#         360
  C:02ADH         LINE#         361
  C:02B9H         LINE#         362
  C:02C0H         LINE#         363
  C:02CBH         LINE#         364
  C:02D6H         LINE#         365
  C:02DDH         LINE#         366
  -------         ENDPROC       MAIN
  -------         PROC          TIMER0_INTERRUPT
  C:069DH         LINE#         374
  C:06BAH         LINE#         376
  C:06BDH         LINE#         377
  C:06C0H         LINE#         378
  C:06CAH         LINE#         379
  C:06D1H         LINE#         380
BL51 BANKED LINKER/LOCATER V6.22                                                      07/03/2022  11:41:47  PAGE 11


  C:06D1H         LINE#         381
  C:06D4H         LINE#         382
  C:06D6H         LINE#         383
  C:06D9H         LINE#         384
  C:06DCH         LINE#         385
  C:06DCH         LINE#         386
  C:06E7H         LINE#         387
  C:06EDH         LINE#         388
  C:06F2H         LINE#         389
  C:0707H         LINE#         390
  C:071CH         LINE#         391
  C:071EH         LINE#         392
  C:072AH         LINE#         393
  C:072AH         LINE#         394
  C:072AH         LINE#         395
  C:072AH         LINE#         396
  C:0731H         LINE#         397
  C:0734H         LINE#         398
  C:074AH         LINE#         399
  C:0756H         LINE#         400
  C:0758H         LINE#         401
  C:076DH         LINE#         403
  C:0774H         LINE#         406
  C:0774H         LINE#         408
  C:0774H         LINE#         409
  -------         ENDPROC       TIMER0_INTERRUPT
  -------         ENDMOD        MAIN

  -------         MODULE        DELAY
  C:0000H         SYMBOL        _ICE_DUMMY_
  C:0D83H         PUBLIC        _delay_18B20
  C:0CFEH         PUBLIC        _delayx10ms
  C:0D76H         PUBLIC        delay10ms
  C:0D2CH         PUBLIC        _Delay
  -------         PROC          DELAY10MS
  -------         DO            
  D:0007H         SYMBOL        i
  D:0006H         SYMBOL        j
  D:0005H         SYMBOL        k
  -------         ENDDO         
  C:0D76H         LINE#         2
  C:0D76H         LINE#         4
  C:0D78H         LINE#         5
  C:0D7AH         LINE#         6
  C:0D82H         LINE#         7
  -------         ENDPROC       DELAY10MS
  -------         PROC          _DELAYX10MS
  D:0002H         SYMBOL        n
  -------         DO            
  D:0082H         SYMBOL        i
  -------         ENDDO         
  C:0CFEH         LINE#         9
  C:0D02H         LINE#         11
  C:0D0EH         LINE#         12
  C:0D11H         LINE#         13
  C:0D14H         LINE#         14
  -------         ENDPROC       _DELAYX10MS
BL51 BANKED LINKER/LOCATER V6.22                                                      07/03/2022  11:41:47  PAGE 12


  -------         PROC          _DELAY
  D:0006H         SYMBOL        xms
  -------         DO            
  D:0005H         SYMBOL        i
  D:0004H         SYMBOL        j
  -------         ENDDO         
  C:0D2CH         LINE#         16
  C:0D2CH         LINE#         17
  C:0D2CH         LINE#         19
  C:0D36H         LINE#         20
  C:0D36H         LINE#         21
  C:0D37H         LINE#         22
  C:0D39H         LINE#         23
  C:0D3BH         LINE#         25
  C:0D3BH         LINE#         26
  C:0D3DH         LINE#         27
  C:0D3FH         LINE#         28
  C:0D41H         LINE#         30
  -------         ENDPROC       _DELAY
  -------         PROC          _DELAY_18B20
  D:0006H         SYMBOL        i
  C:0D83H         LINE#         34
  C:0D83H         LINE#         35
  C:0D83H         LINE#         36
  C:0D8DH         LINE#         37
  -------         ENDPROC       _DELAY_18B20
  -------         ENDMOD        DELAY

  -------         MODULE        TIMER0
  C:0000H         SYMBOL        _ICE_DUMMY_
  B:00A8H.7       PUBLIC        EA
  C:0D15H         PUBLIC        Timer0_Init
  D:0089H         PUBLIC        TMOD
  B:00A8H.1       PUBLIC        ET0
  B:0088H.5       PUBLIC        TF0
  D:008CH         PUBLIC        TH0
  D:008AH         PUBLIC        TL0
  B:00B8H.1       PUBLIC        PT0
  B:0088H.4       PUBLIC        TR0
  -------         PROC          TIMER0_INIT
  C:0D15H         LINE#         4
  C:0D15H         LINE#         5
  C:0D15H         LINE#         6
  C:0D18H         LINE#         7
  C:0D1BH         LINE#         8
  C:0D1EH         LINE#         9
  C:0D21H         LINE#         10
  C:0D23H         LINE#         11
  C:0D25H         LINE#         12
  C:0D27H         LINE#         13
  C:0D29H         LINE#         14
  C:0D2BH         LINE#         15
  -------         ENDPROC       TIMER0_INIT
  -------         ENDMOD        TIMER0

  -------         MODULE        LCD1602
  C:0000H         SYMBOL        _ICE_DUMMY_
BL51 BANKED LINKER/LOCATER V6.22                                                      07/03/2022  11:41:47  PAGE 13


  D:0080H         PUBLIC        P0
  D:0090H         PUBLIC        P1
  D:00A0H         PUBLIC        P2
  D:00B0H         PUBLIC        P3
  C:0D66H         PUBLIC        _WriteData
  D:00A8H         PUBLIC        IE
  D:00B8H         PUBLIC        IP
  C:0AAFH         PUBLIC        table_1
  C:0A4AH         PUBLIC        LCD_CGRAM
  C:0D56H         PUBLIC        _WriteCmd
  C:0CE3H         PUBLIC        ReadBusy
  C:0D42H         PUBLIC        LcdInit
  C:0C65H         PUBLIC        _LCD_Show_String
  D:0098H         PUBLIC        SCON
  D:0088H         PUBLIC        TCON
  C:0AEFH         PUBLIC        LCD_Start
  B:00A0H.7       PUBLIC        LCD_EN
  C:0CACH         PUBLIC        _LCD_Show_CHAR
  B:00A0H.6       PUBLIC        LCD_RS
  B:00A0H.5       PUBLIC        LCD_WR
  D:00C8H         PUBLIC        T2CON
  D:00D0H         PUBLIC        PSW
  -------         PROC          READBUSY
  -------         DO            
  D:0007H         SYMBOL        state
  D:0006H         SYMBOL        i
  -------         ENDDO         
  C:0CE3H         LINE#         17
  C:0CE3H         LINE#         18
  C:0CE3H         LINE#         19
  C:0CE5H         LINE#         20
  C:0CE8H         LINE#         21
  C:0CEAH         LINE#         22
  C:0CECH         LINE#         23
  C:0CECH         LINE#         24
  C:0CEEH         LINE#         25
  C:0CF0H         LINE#         26
  C:0CF2H         LINE#         27
  C:0CF3H         LINE#         28
  C:0CF9H         LINE#         29
  C:0CF9H         LINE#         30
  C:0CF9H         LINE#         31
  C:0CFDH         LINE#         33
  -------         ENDPROC       READBUSY
  -------         PROC          _WRITECMD
  D:0005H         SYMBOL        cmd
  C:0D56H         LINE#         36
  C:0D58H         LINE#         37
  C:0D5BH         LINE#         38
  C:0D5DH         LINE#         39
  C:0D5FH         LINE#         40
  C:0D61H         LINE#         41
  C:0D63H         LINE#         42
  C:0D65H         LINE#         43
  -------         ENDPROC       _WRITECMD
  -------         PROC          _WRITEDATA
  D:0005H         SYMBOL        dat
BL51 BANKED LINKER/LOCATER V6.22                                                      07/03/2022  11:41:47  PAGE 14


  C:0D66H         LINE#         46
  C:0D68H         LINE#         47
  C:0D6BH         LINE#         48
  C:0D6DH         LINE#         49
  C:0D6FH         LINE#         50
  C:0D71H         LINE#         51
  C:0D73H         LINE#         52
  C:0D75H         LINE#         53
  -------         ENDPROC       _WRITEDATA
  -------         PROC          LCDINIT
  C:0D42H         LINE#         55
  C:0D42H         LINE#         56
  C:0D47H         LINE#         57
  C:0D4CH         LINE#         58
  C:0D51H         LINE#         59
  -------         ENDPROC       LCDINIT
  -------         PROC          _LCD_SHOW_STRING
  D:0006H         SYMBOL        x
  D:0005H         SYMBOL        y
  D:0001H         SYMBOL        p
  C:0C65H         LINE#         63
  C:0C67H         LINE#         64
  C:0C6AH         LINE#         65
  C:0C6BH         LINE#         66
  C:0C6DH         LINE#         67
  C:0C76H         LINE#         68
  C:0C76H         LINE#         70
  C:0C7CH         LINE#         71
  C:0C7FH         LINE#         72
  C:0C86H         LINE#         73
  C:0C88H         LINE#         74
  -------         ENDPROC       _LCD_SHOW_STRING
  -------         PROC          LCD_CGRAM
  -------         DO            
  D:0002H         SYMBOL        i
  D:0058H         SYMBOL        j
  D:005AH         SYMBOL        k
  D:0004H         SYMBOL        tmp
  -------         ENDDO         
  C:0A4AH         LINE#         79
  C:0A4AH         LINE#         80
  C:0A53H         LINE#         81
  C:0A55H         LINE#         82
  C:0A59H         LINE#         83
  C:0A59H         LINE#         84
  C:0A5CH         LINE#         85
  C:0A5CH         LINE#         86
  C:0A62H         LINE#         88
  C:0A74H         LINE#         89
  C:0A7CH         LINE#         91
  C:0A87H         LINE#         92
  C:0A8BH         LINE#         93
  C:0A9CH         LINE#         94
  -------         ENDPROC       LCD_CGRAM
  -------         PROC          _LCD_SHOW_CHAR
  D:0082H         SYMBOL        x
  D:0005H         SYMBOL        y
BL51 BANKED LINKER/LOCATER V6.22                                                      07/03/2022  11:41:47  PAGE 15


  D:0004H         SYMBOL        dat
  C:0CACH         LINE#         97
  C:0CB2H         LINE#         98
  C:0CB2H         LINE#         99
  C:0CB5H         LINE#         100
  C:0CB6H         LINE#         101
  C:0CB8H         LINE#         102
  C:0CC3H         LINE#         103
  C:0CC3H         LINE#         105
  -------         ENDPROC       _LCD_SHOW_CHAR
  -------         PROC          LCD_START
  -------         DO            
  D:0002H         SYMBOL        i
  -------         ENDDO         
  C:0AEFH         LINE#         109
  C:0AEFH         LINE#         111
  C:0AF1H         LINE#         112
  C:0AF1H         LINE#         113
  C:0AFBH         LINE#         114
  C:0AFFH         LINE#         115
  C:0B01H         LINE#         116
  C:0B01H         LINE#         117
  C:0B10H         LINE#         118
  C:0B14H         LINE#         119
  C:0B21H         LINE#         120
  C:0B2CH         LINE#         121
  C:0B31H         LINE#         122
  -------         ENDPROC       LCD_START
  -------         ENDMOD        LCD1602

  -------         MODULE        DS18
  C:0000H         SYMBOL        _ICE_DUMMY_
  D:0090H         PUBLIC        P1
  D:00B0H         PUBLIC        P3
  D:00A8H         PUBLIC        IE
  B:00B0H.7       PUBLIC        DQ
  D:00B8H         PUBLIC        IP
  C:0BE3H         PUBLIC        Init_DS18B20
  C:0C12H         PUBLIC        ReadOneChar
  C:0C3DH         PUBLIC        _WriteOneChar
  D:0098H         PUBLIC        SCON
  D:0088H         PUBLIC        TCON
  D:00C8H         PUBLIC        T2CON
  D:00D0H         PUBLIC        PSW
  -------         PROC          INIT_DS18B20
  -------         DO            
  D:0056H         SYMBOL        x
  -------         ENDDO         
  C:0BE3H         LINE#         4
  C:0BE3H         LINE#         5
  C:0BE3H         LINE#         6
  C:0BE6H         LINE#         7
  C:0BE8H         LINE#         8
  C:0BEEH         LINE#         9
  C:0BF0H         LINE#         10
  C:0BF7H         LINE#         11
  C:0BF9H         LINE#         12
BL51 BANKED LINKER/LOCATER V6.22                                                      07/03/2022  11:41:47  PAGE 16


  C:0C00H         LINE#         13
  C:0C06H         LINE#         14
  C:0C0DH         LINE#         15
  C:0C11H         LINE#         16
  -------         ENDPROC       INIT_DS18B20
  -------         PROC          READONECHAR
  -------         DO            
  D:0056H         SYMBOL        i
  D:0057H         SYMBOL        dat
  -------         ENDDO         
  C:0C12H         LINE#         18
  C:0C12H         LINE#         19
  C:0C12H         LINE#         20
  C:0C15H         LINE#         21
  C:0C17H         LINE#         22
  C:0C1AH         LINE#         23
  C:0C1AH         LINE#         24
  C:0C1CH         LINE#         25
  C:0C22H         LINE#         26
  C:0C24H         LINE#         27
  C:0C27H         LINE#         28
  C:0C2AH         LINE#         29
  C:0C31H         LINE#         30
  C:0C3AH         LINE#         31
  C:0C3CH         LINE#         32
  -------         ENDPROC       READONECHAR
  -------         PROC          _WRITEONECHAR
  D:0056H         SYMBOL        dat
  -------         DO            
  D:0057H         SYMBOL        i
  -------         ENDDO         
  C:0C3DH         LINE#         34
  C:0C3FH         LINE#         35
  C:0C3FH         LINE#         36
  C:0C42H         LINE#         37
  C:0C45H         LINE#         38
  C:0C45H         LINE#         39
  C:0C47H         LINE#         41
  C:0C4CH         LINE#         42
  C:0C53H         LINE#         44
  C:0C55H         LINE#         45
  C:0C5BH         LINE#         46
  C:0C64H         LINE#         47
  -------         ENDPROC       _WRITEONECHAR
  -------         ENDMOD        DS18

  -------         MODULE        ?C?CLDPTR
  C:02E0H         PUBLIC        ?C?CLDPTR
  -------         ENDMOD        ?C?CLDPTR

  -------         MODULE        ?C?CSTPTR
  C:02F9H         PUBLIC        ?C?CSTPTR
  -------         ENDMOD        ?C?CSTPTR

  -------         MODULE        ?C?IMUL
  C:030BH         PUBLIC        ?C?IMUL
  -------         ENDMOD        ?C?IMUL
BL51 BANKED LINKER/LOCATER V6.22                                                      07/03/2022  11:41:47  PAGE 17



  -------         MODULE        ?C?SIDIV
  C:031DH         PUBLIC        ?C?SIDIV
  -------         ENDMOD        ?C?SIDIV

  -------         MODULE        ?C?SLDIV
  C:0B36H         PUBLIC        ?C?SLDIV
  -------         ENDMOD        ?C?SLDIV

  -------         MODULE        ?C?SLCMP
  C:0353H         PUBLIC        ?C?SLCMP
  -------         ENDMOD        ?C?SLCMP

  -------         MODULE        ?C?ULCMP
  C:0369H         PUBLIC        ?C?ULCMP
  -------         ENDMOD        ?C?ULCMP

  -------         MODULE        ?C?UIDIV
  C:037AH         PUBLIC        ?C?UIDIV
  -------         ENDMOD        ?C?UIDIV

  -------         MODULE        ?C?ULDIV
  C:040BH         PUBLIC        ?C?ULDIV
  -------         ENDMOD        ?C?ULDIV

Program Size: data=85.1 xdata=0 code=3462
LINK/LOCATE RUN COMPLETE.  0 WARNING(S),  0 ERROR(S)
