C51 COMPILER V9.54   TIMER0                                                                07/03/2022 11:41:46 PAGE 1   


C51 COMPILER V9.54, COMPILATION OF MODULE TIMER0
OBJECT MODULE PLACED IN .\Objects\timer0.obj
COMPILER INVOKED BY: D:\KEIL\C51\BIN\C51.EXE Code\timer0.c OPTIMIZE(8,SPEED) BROWSE INCDIR(.\Code) DEBUG OBJECTEXTEND PR
                    -INT(.\Listings\timer0.lst) TABS(2) OBJECT(.\Objects\timer0.obj)

line level    source

   1          #include <REGX52.H>
   2          #include <Timer0.H>
   3          
   4          void Timer0_Init(void)
   5          {
   6   1        TMOD &= 0xF0;   //设置定时器模式
   7   1        TMOD |= 0x01;   //设置定时器模式
   8   1        TL0 = 0x18;   //设置定时初值
   9   1        TH0 = 0xFC;   //设置定时初值
  10   1        TF0 = 0;    //清除TF0标志
  11   1        ET0 = 1;
  12   1        EA = 1;
  13   1        PT0 = 0;
  14   1        TR0 = 1;    //定时器0开始计时
  15   1      }
  16          /*定时器中断函数模板
  17          void Timer0_Routine() interrupt 1
  18          {
  19            static unsigned int T0Count;
  20            TL0 = 0x18;   //设置定时初值
  21            TH0 = 0xFC;   //设置定时初值
  22            T0Count++;
  23            if(T0Count>=1000)
  24            {
  25              T0Count=0;
  26          
  27            }
  28          }
  29          */


MODULE INFORMATION:   STATIC OVERLAYABLE
   CODE SIZE        =     23    ----
   CONSTANT SIZE    =   ----    ----
   XDATA SIZE       =   ----    ----
   PDATA SIZE       =   ----    ----
   DATA SIZE        =   ----    ----
   IDATA SIZE       =   ----    ----
   BIT SIZE         =   ----    ----
END OF MODULE INFORMATION.


C51 COMPILATION COMPLETE.  0 WARNING(S),  0 ERROR(S)
